src/app/admin/coaches/page.tsx(188,9): error TS2322: Type 'any[] | undefined' is not assignable to type 'any[]'.
  Type 'undefined' is not assignable to type 'any[]'.
src/app/admin/coaches/page.tsx(189,9): error TS2322: Type 'any[] | undefined' is not assignable to type 'any[]'.
  Type 'undefined' is not assignable to type 'any[]'.
src/app/admin/coaches/page.tsx(190,9): error TS2322: Type 'any[] | undefined' is not assignable to type 'any[]'.
  Type 'undefined' is not assignable to type 'any[]'.
src/app/admin/players/6410ee8d-0393-4274-a46e-2146fd764be6/page.tsx(31,6): error TS2739: Type '{ player: any; agents: { id: any; first_name: any; last_name: any; agency_name: any; email: any; }[]; }' is missing the following properties from type 'PlayerProfileClientProps': leagues, clubs, seasons, countries
src/app/admin/players/page.tsx(174,9): error TS2322: Type 'any[] | undefined' is not assignable to type 'any[]'.
  Type 'undefined' is not assignable to type 'any[]'.
src/app/admin/players/page.tsx(175,9): error TS2322: Type 'any[] | undefined' is not assignable to type 'any[]'.
  Type 'undefined' is not assignable to type 'any[]'.
src/app/admin/players/page.tsx(176,9): error TS2322: Type 'any[] | undefined' is not assignable to type 'any[]'.
  Type 'undefined' is not assignable to type 'any[]'.
src/components/admin/coaches/CoachProfileClient.tsx(411,24): error TS2339: Property 'avatar_url' does not exist on type 'Coach'.
src/components/admin/coaches/CoachProfileClient.tsx(412,35): error TS2339: Property 'avatar_url' does not exist on type 'Coach'.
src/components/admin/coaches/CoachProfileClient.tsx(424,27): error TS2339: Property 'is_subscribed' does not exist on type 'Coach'.
src/components/admin/coaches/CoachProfileClient.tsx(426,28): error TS2339: Property 'is_subscribed' does not exist on type 'Coach'.
src/components/admin/coaches/CoachProfileClient.tsx(461,20): error TS2339: Property 'avatar_url' does not exist on type 'Coach'.
src/components/admin/coaches/CoachProfileClient.tsx(462,31): error TS2339: Property 'avatar_url' does not exist on type 'Coach'.
src/components/admin/coaches/CoachProfileClient.tsx(498,22): error TS2339: Property 'agent_id' does not exist on type 'Coach'.
src/components/admin/coaches/CoachProfileClient.tsx(499,52): error TS2339: Property 'agent_id' does not exist on type 'Coach'.
src/components/admin/coaches/CoachProfileClient.tsx(500,57): error TS2339: Property 'agent_id' does not exist on type 'Coach'.
src/components/admin/coaches/CoachProfileClient.tsx(500,121): error TS2339: Property 'agent_id' does not exist on type 'Coach'.
src/components/admin/coaches/CoachProfileClient.tsx(500,183): error TS2339: Property 'agent_id' does not exist on type 'Coach'.
src/components/admin/coaches/CoachProfileClient.tsx(603,83): error TS2339: Property 'league' does not exist on type 'Coach'.
src/components/admin/coaches/CoachProfileClient.tsx(608,59): error TS2339: Property 'league' does not exist on type 'Coach'.
src/components/admin/coaches/CoachProfileClient.tsx(609,65): error TS2339: Property 'current_club' does not exist on type 'Coach'.
src/components/admin/coaches/CoachProfileClient.tsx(610,67): error TS2339: Property 'agent_id' does not exist on type 'Coach'.
src/components/admin/coaches/CoachProfileClient.tsx(695,43): error TS2345: Argument of type '"bio"' is not assignable to parameter of type 'keyof Coach'.
src/components/admin/coaches/CoachProfileClient.tsx(695,56): error TS2339: Property 'bio' does not exist on type 'Coach'.
src/components/admin/coaches/CoachProfileClient.tsx(696,52): error TS2345: Argument of type '"bio"' is not assignable to parameter of type 'keyof Coach'.
src/components/admin/coaches/CoachProfileClient.tsx(708,32): error TS2339: Property 'bio' does not exist on type 'Coach'.
src/components/admin/coaches/CoachProfileClient.tsx(1212,50): error TS2339: Property 'is_subscribed' does not exist on type 'Coach'.
src/components/admin/coaches/CoachProfileClient.tsx(1213,34): error TS2339: Property 'is_subscribed' does not exist on type 'Coach'.
src/components/admin/players/PlayerProfileClient.tsx(431,18): error TS2304: Cannot find name 'SEASONS'.
src/components/admin/players/PlayerProfileClient.tsx(431,30): error TS7006: Parameter 's' implicitly has an 'any' type.
src/components/admin/players/PlayerProfileClient.tsx(654,18): error TS2304: Cannot find name 'SEASONS'.
src/components/admin/players/PlayerProfileClient.tsx(654,30): error TS7006: Parameter 's' implicitly has an 'any' type.
src/components/admin/players/PlayerProfileClient.tsx(1026,41): error TS2345: Argument of type 'string[]' is not assignable to parameter of type 'string'.
src/components/admin/players/PlayersClient.tsx(230,42): error TS2339: Property 'slug' does not exist on type 'Player'.
